// Jest Snapshot v1, https://goo.gl/fbAQLP

exports[`<Dummy /> should render 1`] = `
<h1>
  Hello, 
  DUMMY
  !
</h1>
`;
