// Jest Snapshot v1, https://goo.gl/fbAQLP

exports[`<App /> should render 1`] = `
<main
  role="main"
>
  <h1>
    Hello, world!
  </h1>
  <Dummy
    name="Dummy"
    upperCase={true}
  />
</main>
`;
